
> build
> node scripts/prepare-build.mjs && npm run build --workspace @site/web && node scripts/verify-export.mjs


> @site/web@0.1.0 build
> next build --webpack

▲ Next.js 16.3.5 (webpack)
✓ Running next.config.ts took 32ms
- Experiments (use with caution):
  ⨯ useTypeScriptCli

  Creating an optimized production build ...
✓ Compiled successfully in 2.3s
  Running TypeScript ...
  Finished TypeScript in 4.9s ...
  Collecting page data using 2 workers ...
  Generating static pages using 2 workers (0/4) ...
  Generating static pages using 2 workers (1/4) 
  Generating static pages using 2 workers (2/4) 
  Generating static pages using 2 workers (3/4) 
✓ Generating static pages using 2 workers (4/4) in 880ms
  Finalizing page optimization ...
  Collecting build traces ...

Route (app)
┌ ○ /
├ ○ /_not-found
└ ○ /icon.svg


○  (Static)  prerendered as static content

Verified static export: no Studio route or authoring component.
